scss-red-1
  • fileName: scss.scss
  • color: #330000
  • contrastColor: #D9A6A6
  • lowContrastColor: #734040
  • hoverColor: #4C1919
  • tintColor: #FCE3E3
  • shadeColor: #000000
scss-red-2
  • fileName: scss.scss
  • color: #660000
  • contrastColor: #FFA6A6
  • lowContrastColor: #A64040
  • hoverColor: #7F1919
  • tintColor: #FCE3E3
  • shadeColor: #1A0000
scss-red-3
  • fileName: scss.scss
  • color: #990000
  • contrastColor: #FFA6A6
  • lowContrastColor: #D94040
  • hoverColor: #B21919
  • tintColor: #FCE3E3
  • shadeColor: #4D0000
scss-red-4
  • fileName: scss.scss
  • color: #AA0000
  • contrastColor: #FFA6A6
  • lowContrastColor: #EA4040
  • hoverColor: #C31919
  • tintColor: #FCE3E3
  • shadeColor: #5D0000
scss-red-5
  • fileName: subdirectory/_scss-partial.scss
  • color: #CC0000
  • contrastColor: #FFA6A6
  • lowContrastColor: #FF4040
  • hoverColor: #E51919
  • tintColor: #FCE3E3
  • shadeColor: #800000
scss-red-6
  • fileName: subdirectory/_scss-partial.scss
  • color: #FF0000
  • contrastColor: #FFA6A6
  • lowContrastColor: #FF4040
  • hoverColor: #FF1919
  • tintColor: #FCE3E3
  • shadeColor: #B30000
sass-green-1
  • fileName: sass.sass
  • color: #003300
  • contrastColor: #A6D9A6
  • lowContrastColor: #407340
  • hoverColor: #194C19
  • tintColor: #E3FCE3
  • shadeColor: #000000
sass-green-2
  • fileName: sass.sass
  • color: #006600
  • contrastColor: #A6FFA6
  • lowContrastColor: #40A640
  • hoverColor: #197F19
  • tintColor: #E3FCE3
  • shadeColor: #001A00
sass-green-3
  • fileName: sass.sass
  • color: #009600
  • contrastColor: #A6FFA6
  • lowContrastColor: #40D640
  • hoverColor: #19AF19
  • tintColor: #E3FCE3
  • shadeColor: #004900
sass-green-4
  • fileName: sass.sass
  • color: #00AA00
  • contrastColor: #A6FFA6
  • lowContrastColor: #40EA40
  • hoverColor: #19C319
  • tintColor: #E3FCE3
  • shadeColor: #005D00
sass-green-5
  • fileName: subdirectory/_sass-partial.sass
  • color: #00CC00
  • contrastColor: #A6FFA6
  • lowContrastColor: #40FF40
  • hoverColor: #19E519
  • tintColor: #E3FCE3
  • shadeColor: #008000
sass-green-6
  • fileName: subdirectory/_sass-partial.sass
  • color: #00FF00
  • contrastColor: #000000
  • lowContrastColor: #008000
  • hoverColor: #19FF19
  • tintColor: #E3FCE3
  • shadeColor: #00B300
stylus-blue-1
  • fileName: stylus.styl
  • color: #000033
  • contrastColor: #A6A6D9
  • lowContrastColor: #404073
  • hoverColor: #19194C
  • tintColor: #E3E3FC
  • shadeColor: #000000
stylus-blue-2
  • fileName: stylus.styl
  • color: #000066
  • contrastColor: #A6A6FF
  • lowContrastColor: #4040A6
  • hoverColor: #19197F
  • tintColor: #E3E3FC
  • shadeColor: #00001A
stylus-blue-3
  • fileName: stylus.styl
  • color: #000096
  • contrastColor: #A6A6FF
  • lowContrastColor: #4040D6
  • hoverColor: #1919AF
  • tintColor: #E3E3FC
  • shadeColor: #000049
stylus-blue-4
  • fileName: stylus.styl
  • color: #0000AA
  • contrastColor: #A6A6FF
  • lowContrastColor: #4040EA
  • hoverColor: #1919C3
  • tintColor: #E3E3FC
  • shadeColor: #00005D
stylus-blue-5
  • fileName: subdirectory/_stylus-partial.styl
  • color: #0000CC
  • contrastColor: #A6A6FF
  • lowContrastColor: #4040FF
  • hoverColor: #1919E5
  • tintColor: #E3E3FC
  • shadeColor: #000080
stylus-blue-6
  • fileName: subdirectory/_stylus-partial.styl
  • color: #0000FF
  • contrastColor: #A6A6FF
  • lowContrastColor: #4040FF
  • hoverColor: #1919FF
  • tintColor: #E3E3FC
  • shadeColor: #0000B3

